                              Plano de execução                               
╭─────────────────────────────────┬───────────┬──────────────────────────────╮
│ Fase                            │ Pendentes │ Ação                         │
├─────────────────────────────────┼───────────┼──────────────────────────────┤
│ 1. Imagem (text2d)              │         1 │ text2d generate              │
│ 2. Shape (hunyuan)              │         1 │ text3d generate --from-image │
│ 3. Paint (textura + PBR no GLB) │         1 │ paint3d texture              │
│ Concluídos                      │         0 │ skip                         │
╰─────────────────────────────────┴───────────┴──────────────────────────────╯

Fase 1: Text2D (1 imagens)
  OK city_gate_arch (text2d UMS)
  Text2D ━━━━━━━━━━━━━━━━━━━━━━━━━━━━━━━━━━━━━━━━ 1/1 0:00:00


Fase 2: Shape (1 meshes)
  OK city_gate_arch
  Shape (batch) ━━━━━━━━━━━━━━━━━━━━━━━━━━━━━━━━━━━━━━━━ 1/1 0:03:54


Fase 3: Paint (1 texturas)
⏳ to_paint city_gate_arch (399,944 -> ~160,000 faces, atlas=2048)
✓ to_paint city_gate_arch -> city_gate_arch_to_paint.glb (160,000 faces)
✓ to_paint re-fix city_gate_arch (158,244 faces, morph=0)
paint3d texture-batch erro: ... (truncado no início)
phase": "inpaint", "percent": 100}
{"id": "city_gate_arch", "tool": "paint3d", "status": "progress", "phase": 
"save", "percent": 0}
Error: Not freed memory blocks: 43, total unfreed memory 0.005630 MB
⠴ Paint (batch)                                          0/1 0:05:51


                        Plano de execução                        
╭─────────────────────────────────┬───────────┬─────────────────╮
│ Fase                            │ Pendentes │ Ação            │
├─────────────────────────────────┼───────────┼─────────────────┤
│ 1. Imagem (text2d)              │         0 │ OK              │
│ 2. Shape (hunyuan)              │         0 │ OK              │
│ 3. Paint (textura + PBR no GLB) │         1 │ paint3d texture │
│ Concluídos                      │         0 │ skip            │
╰─────────────────────────────────┴───────────┴─────────────────╯

Fase 3: Paint (1 texturas)
⏳ to_paint city_gate_arch (399,990 -> ~160,000 faces, atlas=2048)
✓ to_paint city_gate_arch -> city_gate_arch_to_paint.glb (160,000 faces)
✓ to_paint re-fix city_gate_arch (158,532 faces, morph=0)
  OK city_gate_arch
  Paint (batch) ━━━━━━━━━━━━━━━━━━━━━━━━━━━━━━━━━━━━━━━━ 1/1 0:03:18

{"id": "city_gate_arch", "tool": "lod", "status": "progress", "phase": "run", "percent": 0}
{"id": "city_gate_arch", "tool": "lod", "status": "progress", "phase": "run", "percent": 100, "meta": {"seconds": 30.33}}
{"id": "city_gate_arch", "tool": "collision", "status": "progress", "phase": "run", "percent": 0}
{"id": "city_gate_arch", "tool": "collision", "status": "progress", "phase": "run", "percent": 100, "meta": {"seconds": 4.53}}

