                              Plano de execução                               
╭─────────────────────────────────┬───────────┬──────────────────────────────╮
│ Fase                            │ Pendentes │ Ação                         │
├─────────────────────────────────┼───────────┼──────────────────────────────┤
│ 1. Imagem (text2d)              │         3 │ text2d generate              │
│ 2. Shape (hunyuan)              │         3 │ text3d generate --from-image │
│ 3. Paint (textura + PBR no GLB) │         3 │ paint3d texture              │
│ Concluídos                      │         0 │ skip                         │
╰─────────────────────────────────┴───────────┴──────────────────────────────╯

Fase 1: Text2D (3 imagens)
  OK city_wall_seg_a (text2d UMS)
  OK city_wall_seg_b (text2d UMS)
  OK city_wall_seg_c (text2d UMS)
  Text2D ━━━━━━━━━━━━━━━━━━━━━━━━━━━━━━━━━━━━━━━━ 1/1 0:00:00


Fase 2: Shape (3 meshes)
  OK city_wall_seg_a
  OK city_wall_seg_b
  OK city_wall_seg_c
  Shape (batch) ━━━━━━━━━━━━━━━━━━━━━━━━━━━━━━━━━━━━━━━━ 3/3 0:00:00


Fase 3: Paint (3 texturas)
⏳ to_paint city_wall_seg_a (335,784 -> ~160,000 faces, atlas=2048)
✓ to_paint city_wall_seg_a -> city_wall_seg_a_to_paint.glb (160,000 faces)
✓ to_paint re-fix city_wall_seg_a (152,560 faces, morph=0)
⏳ to_paint city_wall_seg_b (376,622 -> ~160,000 faces, atlas=2048)
✓ to_paint city_wall_seg_b -> city_wall_seg_b_to_paint.glb (159,999 faces)
✓ to_paint re-fix city_wall_seg_b (157,564 faces, morph=0)
⏳ to_paint city_wall_seg_c (399,988 -> ~160,000 faces, atlas=2048)
✓ to_paint city_wall_seg_c -> city_wall_seg_c_to_paint.glb (159,999 faces)
✓ to_paint re-fix city_wall_seg_c (151,831 faces, morph=0)
  OK city_wall_seg_a
  OK city_wall_seg_b
  OK city_wall_seg_c
  Paint (batch) ━━━━━━━━━━━━━━━━━━━━━━━━━━━━━━━━━━━━━━━━ 3/3 0:16:03

{"id": "city_wall_seg_a", "tool": "lod", "status": "progress", "phase": "run", "percent": 0}
{"id": "city_wall_seg_a", "tool": "lod", "status": "progress", "phase": "run", "percent": 100, "meta": {"seconds": 33.47}}
{"id": "city_wall_seg_a", "tool": "collision", "status": "progress", "phase": "run", "percent": 0}
{"id": "city_wall_seg_a", "tool": "collision", "status": "progress", "phase": "run", "percent": 100, "meta": {"seconds": 4.94}}
{"id": "city_wall_seg_b", "tool": "lod", "status": "progress", "phase": "run", "percent": 0}
{"id": "city_wall_seg_b", "tool": "lod", "status": "progress", "phase": "run", "percent": 100, "meta": {"seconds": 33.09}}
{"id": "city_wall_seg_b", "tool": "collision", "status": "progress", "phase": "run", "percent": 0}
{"id": "city_wall_seg_b", "tool": "collision", "status": "progress", "phase": "run", "percent": 100, "meta": {"seconds": 5.15}}
{"id": "city_wall_seg_c", "tool": "lod", "status": "progress", "phase": "run", "percent": 0}
{"id": "city_wall_seg_c", "tool": "lod", "status": "progress", "phase": "run", "percent": 100, "meta": {"seconds": 33.77}}
{"id": "city_wall_seg_c", "tool": "collision", "status": "progress", "phase": "run", "percent": 0}
{"id": "city_wall_seg_c", "tool": "collision", "status": "progress", "phase": "run", "percent": 100, "meta": {"seconds": 5.82}}

  OK city_wall_seg_a
  OK city_wall_seg_b
  OK city_wall_seg_c
  Paint (batch) ━━━━━━━━━━━━━━━━━━━━━━━━━━━━━━━━━━━━━━━━ 3/3 0:19:09

{"id": "city_wall_seg_a", "tool": "lod", "status": "progress", "phase": "run", "percent": 0}
{"id": "city_wall_seg_a", "tool": "lod", "status": "progress", "phase": "run", "percent": 100, "meta": {"seconds": 31.9}}
{"id": "city_wall_seg_b", "tool": "lod", "status": "progress", "phase": "run", "percent": 0}
{"id": "city_wall_seg_b", "tool": "lod", "status": "progress", "phase": "run", "percent": 100, "meta": {"seconds": 31.49}}
{"id": "city_wall_seg_c", "tool": "lod", "status": "progress", "phase": "run", "percent": 0}
{"id": "city_wall_seg_c", "tool": "lod", "status": "progress", "phase": "run", "percent": 100, "meta": {"seconds": 29.57}}

                        Plano de execução                        
╭─────────────────────────────────┬───────────┬─────────────────╮
│ Fase                            │ Pendentes │ Ação            │
├─────────────────────────────────┼───────────┼─────────────────┤
│ 1. Imagem (text2d)              │         0 │ OK              │
│ 2. Shape (hunyuan)              │         0 │ OK              │
│ 3. Paint (textura + PBR no GLB) │         1 │ paint3d texture │
│ Concluídos                      │         3 │ skip            │
╰─────────────────────────────────┴───────────┴─────────────────╯

Fase 3: Paint (1 texturas)
⏳ to_paint city_wall_corner (399,984 -> ~160,000 faces, atlas=2048)
✓ to_paint city_wall_corner -> city_wall_corner_to_paint.glb (159,999 faces)
✓ to_paint re-fix city_wall_corner (149,038 faces, morph=0)
  OK city_wall_corner
  Paint (batch) ━━━━━━━━━━━━━━━━━━━━━━━━━━━━━━━━━━━━━━━━ 1/1 0:03:39

{"id": "city_wall_corner", "tool": "lod", "status": "progress", "phase": "run", "percent": 0}
{"id": "city_wall_corner", "tool": "lod", "status": "progress", "phase": "run", "percent": 100, "meta": {"seconds": 29.29}}
{"id": "city_wall_corner", "tool": "collision", "status": "progress", "phase": "run", "percent": 0}
{"id": "city_wall_corner", "tool": "collision", "status": "progress", "phase": "run", "percent": 100, "meta": {"seconds": 4.15}}

